Analysis & Synthesis report for lab6task4
Tue Dec 01 22:41:48 2020
Quartus Prime Version 18.1.0 Build 625 09/12/2018 SJ Standard Edition


---------------------
; Table of Contents ;
---------------------
  1. Legal Notice
  2. Analysis & Synthesis Summary
  3. Analysis & Synthesis Settings
  4. Parallel Compilation
  5. Analysis & Synthesis Source Files Read
  6. Analysis & Synthesis Resource Usage Summary
  7. Analysis & Synthesis Resource Utilization by Entity
  8. Analysis & Synthesis RAM Summary
  9. Analysis & Synthesis IP Cores Summary
 10. State Machine - |lab6task4|processor:echo|pulse_gen:PULSE|state
 11. State Machine - |lab6task4|spi2adc:SPI_ADC_INTERFACE|sr_state
 12. State Machine - |lab6task4|spi2dac:SPI_DAC_INTERFACE|sr_state
 13. Registers Removed During Synthesis
 14. Removed Registers Triggering Further Register Optimizations
 15. General Register Statistics
 16. Inverted Register Statistics
 17. Multiplexer Restructuring Statistics (Restructuring Performed)
 18. Source assignments for processor:echo|fifo:delay|scfifo:scfifo_component|scfifo_eb11:auto_generated|a_dpfifo_lh11:dpfifo|altsyncram_a8m1:FIFOram
 19. Parameter Settings for User Entity Instance: clktick:GEN_10K
 20. Parameter Settings for User Entity Instance: spi2dac:SPI_DAC_INTERFACE
 21. Parameter Settings for User Entity Instance: spi2adc:SPI_ADC_INTERFACE
 22. Parameter Settings for User Entity Instance: processor:echo
 23. Parameter Settings for User Entity Instance: processor:echo|pulse_gen:PULSE
 24. Parameter Settings for User Entity Instance: processor:echo|fifo:delay|scfifo:scfifo_component
 25. scfifo Parameter Settings by Entity Instance
 26. Port Connectivity Checks: "processor:echo|fifo:delay"
 27. Port Connectivity Checks: "clktick:GEN_10K"
 28. Post-Synthesis Netlist Statistics for Top Partition
 29. Elapsed Time Per Partition
 30. Analysis & Synthesis Messages



----------------
; Legal Notice ;
----------------
Copyright (C) 2018  Intel Corporation. All rights reserved.
Your use of Intel Corporation's design tools, logic functions 
and other software and tools, and its AMPP partner logic 
functions, and any output files from any of the foregoing 
(including device programming or simulation files), and any 
associated documentation or information are expressly subject 
to the terms and conditions of the Intel Program License 
Subscription Agreement, the Intel Quartus Prime License Agreement,
the Intel FPGA IP License Agreement, or other applicable license
agreement, including, without limitation, that your use is for
the sole purpose of programming logic devices manufactured by
Intel and sold by Intel or its authorized distributors.  Please
refer to the applicable agreement for further details.



+--------------------------------------------------------------------------------------+
; Analysis & Synthesis Summary                                                         ;
+------------------------------------+-------------------------------------------------+
; Analysis & Synthesis Status        ; Successful - Tue Dec 01 22:41:48 2020           ;
; Quartus Prime Version              ; 18.1.0 Build 625 09/12/2018 SJ Standard Edition ;
; Revision Name                      ; lab6task4                                       ;
; Top-level Entity Name              ; lab6task4                                       ;
; Family                             ; MAX 10                                          ;
; Total logic elements               ; 179                                             ;
;     Total combinational functions  ; 156                                             ;
;     Dedicated logic registers      ; 135                                             ;
; Total registers                    ; 135                                             ;
; Total pins                         ; 36                                              ;
; Total virtual pins                 ; 0                                               ;
; Total memory bits                  ; 73,728                                          ;
; Embedded Multiplier 9-bit elements ; 0                                               ;
; Total PLLs                         ; 0                                               ;
; UFM blocks                         ; 0                                               ;
; ADC blocks                         ; 0                                               ;
+------------------------------------+-------------------------------------------------+


+------------------------------------------------------------------------------------------------------------+
; Analysis & Synthesis Settings                                                                              ;
+------------------------------------------------------------------+--------------------+--------------------+
; Option                                                           ; Setting            ; Default Value      ;
+------------------------------------------------------------------+--------------------+--------------------+
; Device                                                           ; 10M50DAF484C7G     ;                    ;
; Top-level entity name                                            ; lab6task4          ; lab6task4          ;
; Family name                                                      ; MAX 10             ; Cyclone V          ;
; Use smart compilation                                            ; Off                ; Off                ;
; Enable parallel Assembler and Timing Analyzer during compilation ; On                 ; On                 ;
; Enable compact report table                                      ; Off                ; Off                ;
; Restructure Multiplexers                                         ; Auto               ; Auto               ;
; Create Debugging Nodes for IP Cores                              ; Off                ; Off                ;
; Preserve fewer node names                                        ; On                 ; On                 ;
; Intel FPGA IP Evaluation Mode                                    ; Enable             ; Enable             ;
; Verilog Version                                                  ; Verilog_2001       ; Verilog_2001       ;
; VHDL Version                                                     ; VHDL_1993          ; VHDL_1993          ;
; State Machine Processing                                         ; Auto               ; Auto               ;
; Safe State Machine                                               ; Off                ; Off                ;
; Extract Verilog State Machines                                   ; On                 ; On                 ;
; Extract VHDL State Machines                                      ; On                 ; On                 ;
; Ignore Verilog initial constructs                                ; Off                ; Off                ;
; Iteration limit for constant Verilog loops                       ; 5000               ; 5000               ;
; Iteration limit for non-constant Verilog loops                   ; 250                ; 250                ;
; Add Pass-Through Logic to Inferred RAMs                          ; On                 ; On                 ;
; Infer RAMs from Raw Logic                                        ; On                 ; On                 ;
; Parallel Synthesis                                               ; On                 ; On                 ;
; DSP Block Balancing                                              ; Auto               ; Auto               ;
; NOT Gate Push-Back                                               ; On                 ; On                 ;
; Power-Up Don't Care                                              ; On                 ; On                 ;
; Remove Redundant Logic Cells                                     ; Off                ; Off                ;
; Remove Duplicate Registers                                       ; On                 ; On                 ;
; Ignore CARRY Buffers                                             ; Off                ; Off                ;
; Ignore CASCADE Buffers                                           ; Off                ; Off                ;
; Ignore GLOBAL Buffers                                            ; Off                ; Off                ;
; Ignore ROW GLOBAL Buffers                                        ; Off                ; Off                ;
; Ignore LCELL Buffers                                             ; Off                ; Off                ;
; Ignore SOFT Buffers                                              ; On                 ; On                 ;
; Limit AHDL Integers to 32 Bits                                   ; Off                ; Off                ;
; Optimization Technique                                           ; Balanced           ; Balanced           ;
; Carry Chain Length                                               ; 70                 ; 70                 ;
; Auto Carry Chains                                                ; On                 ; On                 ;
; Auto Open-Drain Pins                                             ; On                 ; On                 ;
; Perform WYSIWYG Primitive Resynthesis                            ; Off                ; Off                ;
; Auto ROM Replacement                                             ; On                 ; On                 ;
; Auto RAM Replacement                                             ; On                 ; On                 ;
; Auto DSP Block Replacement                                       ; On                 ; On                 ;
; Auto Shift Register Replacement                                  ; Auto               ; Auto               ;
; Allow Shift Register Merging across Hierarchies                  ; Auto               ; Auto               ;
; Auto Clock Enable Replacement                                    ; On                 ; On                 ;
; Strict RAM Replacement                                           ; Off                ; Off                ;
; Allow Synchronous Control Signals                                ; On                 ; On                 ;
; Force Use of Synchronous Clear Signals                           ; Off                ; Off                ;
; Auto RAM Block Balancing                                         ; On                 ; On                 ;
; Auto RAM to Logic Cell Conversion                                ; Off                ; Off                ;
; Auto Resource Sharing                                            ; Off                ; Off                ;
; Allow Any RAM Size For Recognition                               ; Off                ; Off                ;
; Allow Any ROM Size For Recognition                               ; Off                ; Off                ;
; Allow Any Shift Register Size For Recognition                    ; Off                ; Off                ;
; Use LogicLock Constraints during Resource Balancing              ; On                 ; On                 ;
; Ignore translate_off and synthesis_off directives                ; Off                ; Off                ;
; Timing-Driven Synthesis                                          ; On                 ; On                 ;
; Report Parameter Settings                                        ; On                 ; On                 ;
; Report Source Assignments                                        ; On                 ; On                 ;
; Report Connectivity Checks                                       ; On                 ; On                 ;
; Ignore Maximum Fan-Out Assignments                               ; Off                ; Off                ;
; Synchronization Register Chain Length                            ; 2                  ; 2                  ;
; Power Optimization During Synthesis                              ; Normal compilation ; Normal compilation ;
; HDL message level                                                ; Level2             ; Level2             ;
; Suppress Register Optimization Related Messages                  ; Off                ; Off                ;
; Number of Removed Registers Reported in Synthesis Report         ; 5000               ; 5000               ;
; Number of Swept Nodes Reported in Synthesis Report               ; 5000               ; 5000               ;
; Number of Inverted Registers Reported in Synthesis Report        ; 100                ; 100                ;
; Clock MUX Protection                                             ; On                 ; On                 ;
; Auto Gated Clock Conversion                                      ; Off                ; Off                ;
; Block Design Naming                                              ; Auto               ; Auto               ;
; SDC constraint protection                                        ; Off                ; Off                ;
; Synthesis Effort                                                 ; Auto               ; Auto               ;
; Shift Register Replacement - Allow Asynchronous Clear Signal     ; On                 ; On                 ;
; Pre-Mapping Resynthesis Optimization                             ; Off                ; Off                ;
; Analysis & Synthesis Message Level                               ; Medium             ; Medium             ;
; Disable Register Merging Across Hierarchies                      ; Auto               ; Auto               ;
; Resource Aware Inference For Block RAM                           ; On                 ; On                 ;
+------------------------------------------------------------------+--------------------+--------------------+


+------------------------------------------+
; Parallel Compilation                     ;
+----------------------------+-------------+
; Processors                 ; Number      ;
+----------------------------+-------------+
; Number detected on machine ; 12          ;
; Maximum allowed            ; 6           ;
;                            ;             ;
; Average used               ; 1.00        ;
; Maximum used               ; 6           ;
;                            ;             ;
; Usage by Processor         ; % Time Used ;
;     Processor 1            ; 100.0%      ;
;     Processor 2            ;   0.0%      ;
;     Processors 3-6         ;   0.0%      ;
+----------------------------+-------------+


+-------------------------------------------------------------------------------------------------------------------------------------------------------------------+
; Analysis & Synthesis Source Files Read                                                                                                                            ;
+-------------------------------------+-----------------+------------------------------+------------------------------------------------------------------+---------+
; File Name with User-Entered Path    ; Used in Netlist ; File Type                    ; File Name with Absolute Path                                     ; Library ;
+-------------------------------------+-----------------+------------------------------+------------------------------------------------------------------+---------+
; ../../mylib/clktick.v               ; yes             ; User Verilog HDL File        ; C:/E2_circuit_system/mylib/clktick.v                             ;         ;
; ../../mylib/pulse_gen.v/pulse_gen.v ; yes             ; User Verilog HDL File        ; C:/E2_circuit_system/mylib/pulse_gen.v/pulse_gen.v               ;         ;
; ../../mylib/spi2adc.v/spi2adc.v     ; yes             ; User Verilog HDL File        ; C:/E2_circuit_system/mylib/spi2adc.v/spi2adc.v                   ;         ;
; ../../mylib/spi2dac.v/spi2dac.v     ; yes             ; User Verilog HDL File        ; C:/E2_circuit_system/mylib/spi2dac.v/spi2dac.v                   ;         ;
; lab6task4.v                         ; yes             ; User Verilog HDL File        ; C:/E2_circuit_system/lab6/task4/lab6task4.v                      ;         ;
; fifo.v                              ; yes             ; User Wizard-Generated File   ; C:/E2_circuit_system/lab6/task4/fifo.v                           ;         ;
; echo.v                              ; yes             ; User Verilog HDL File        ; C:/E2_circuit_system/lab6/task4/echo.v                           ;         ;
; scfifo.tdf                          ; yes             ; Megafunction                 ; c:/intelfpga/18.1/quartus/libraries/megafunctions/scfifo.tdf     ;         ;
; a_regfifo.inc                       ; yes             ; Megafunction                 ; c:/intelfpga/18.1/quartus/libraries/megafunctions/a_regfifo.inc  ;         ;
; a_dpfifo.inc                        ; yes             ; Megafunction                 ; c:/intelfpga/18.1/quartus/libraries/megafunctions/a_dpfifo.inc   ;         ;
; a_i2fifo.inc                        ; yes             ; Megafunction                 ; c:/intelfpga/18.1/quartus/libraries/megafunctions/a_i2fifo.inc   ;         ;
; a_fffifo.inc                        ; yes             ; Megafunction                 ; c:/intelfpga/18.1/quartus/libraries/megafunctions/a_fffifo.inc   ;         ;
; a_f2fifo.inc                        ; yes             ; Megafunction                 ; c:/intelfpga/18.1/quartus/libraries/megafunctions/a_f2fifo.inc   ;         ;
; aglobal181.inc                      ; yes             ; Megafunction                 ; c:/intelfpga/18.1/quartus/libraries/megafunctions/aglobal181.inc ;         ;
; db/scfifo_eb11.tdf                  ; yes             ; Auto-Generated Megafunction  ; C:/E2_circuit_system/lab6/task4/db/scfifo_eb11.tdf               ;         ;
; db/a_dpfifo_lh11.tdf                ; yes             ; Auto-Generated Megafunction  ; C:/E2_circuit_system/lab6/task4/db/a_dpfifo_lh11.tdf             ;         ;
; db/a_fefifo_4be.tdf                 ; yes             ; Auto-Generated Megafunction  ; C:/E2_circuit_system/lab6/task4/db/a_fefifo_4be.tdf              ;         ;
; db/cntr_h47.tdf                     ; yes             ; Auto-Generated Megafunction  ; C:/E2_circuit_system/lab6/task4/db/cntr_h47.tdf                  ;         ;
; db/altsyncram_a8m1.tdf              ; yes             ; Auto-Generated Megafunction  ; C:/E2_circuit_system/lab6/task4/db/altsyncram_a8m1.tdf           ;         ;
; db/cntr_54b.tdf                     ; yes             ; Auto-Generated Megafunction  ; C:/E2_circuit_system/lab6/task4/db/cntr_54b.tdf                  ;         ;
+-------------------------------------+-----------------+------------------------------+------------------------------------------------------------------+---------+


+-------------------------------------------------------------------+
; Analysis & Synthesis Resource Usage Summary                       ;
+---------------------------------------------+---------------------+
; Resource                                    ; Usage               ;
+---------------------------------------------+---------------------+
; Estimated Total logic elements              ; 179                 ;
;                                             ;                     ;
; Total combinational functions               ; 156                 ;
; Logic element usage by number of LUT inputs ;                     ;
;     -- 4 input functions                    ; 40                  ;
;     -- 3 input functions                    ; 39                  ;
;     -- <=2 input functions                  ; 77                  ;
;                                             ;                     ;
; Logic elements by mode                      ;                     ;
;     -- normal mode                          ; 85                  ;
;     -- arithmetic mode                      ; 71                  ;
;                                             ;                     ;
; Total registers                             ; 135                 ;
;     -- Dedicated logic registers            ; 135                 ;
;     -- I/O registers                        ; 0                   ;
;                                             ;                     ;
; I/O pins                                    ; 36                  ;
; Total memory bits                           ; 73728               ;
;                                             ;                     ;
; Embedded Multiplier 9-bit elements          ; 0                   ;
;                                             ;                     ;
; Maximum fan-out node                        ; MAX10_CLK1_50~input ;
; Maximum fan-out                             ; 125                 ;
; Total fan-out                               ; 1082                ;
; Average fan-out                             ; 2.91                ;
+---------------------------------------------+---------------------+


+-----------------------------------------------------------------------------------------------------------------------------------------------------------------------------------------------------------------------------------------------------------------------------------------------------------------------------------------------------------------------------------------------+
; Analysis & Synthesis Resource Utilization by Entity                                                                                                                                                                                                                                                                                                                                           ;
+---------------------------------------------+---------------------+---------------------------+-------------+------------+--------------+---------+-----------+------+--------------+------------+-----------------------------------------------------------------------------------------------------------------------------------------------------------+-----------------+--------------+
; Compilation Hierarchy Node                  ; Combinational ALUTs ; Dedicated Logic Registers ; Memory Bits ; UFM Blocks ; DSP Elements ; DSP 9x9 ; DSP 18x18 ; Pins ; Virtual Pins ; ADC blocks ; Full Hierarchy Name                                                                                                                                       ; Entity Name     ; Library Name ;
+---------------------------------------------+---------------------+---------------------------+-------------+------------+--------------+---------+-----------+------+--------------+------------+-----------------------------------------------------------------------------------------------------------------------------------------------------------+-----------------+--------------+
; |lab6task4                                  ; 156 (0)             ; 135 (0)                   ; 73728       ; 0          ; 0            ; 0       ; 0         ; 36   ; 0            ; 0          ; |lab6task4                                                                                                                                                ; lab6task4       ; work         ;
;    |clktick:GEN_10K|                        ; 29 (29)             ; 17 (17)                   ; 0           ; 0          ; 0            ; 0       ; 0         ; 0    ; 0            ; 0          ; |lab6task4|clktick:GEN_10K                                                                                                                                ; clktick         ; work         ;
;    |processor:echo|                         ; 60 (12)             ; 54 (12)                   ; 73728       ; 0          ; 0            ; 0       ; 0         ; 0    ; 0            ; 0          ; |lab6task4|processor:echo                                                                                                                                 ; processor       ; work         ;
;       |fifo:delay|                          ; 46 (0)              ; 40 (0)                    ; 73728       ; 0          ; 0            ; 0       ; 0         ; 0    ; 0            ; 0          ; |lab6task4|processor:echo|fifo:delay                                                                                                                      ; fifo            ; work         ;
;          |scfifo:scfifo_component|          ; 46 (0)              ; 40 (0)                    ; 73728       ; 0          ; 0            ; 0       ; 0         ; 0    ; 0            ; 0          ; |lab6task4|processor:echo|fifo:delay|scfifo:scfifo_component                                                                                              ; scfifo          ; work         ;
;             |scfifo_eb11:auto_generated|    ; 46 (0)              ; 40 (0)                    ; 73728       ; 0          ; 0            ; 0       ; 0         ; 0    ; 0            ; 0          ; |lab6task4|processor:echo|fifo:delay|scfifo:scfifo_component|scfifo_eb11:auto_generated                                                                   ; scfifo_eb11     ; work         ;
;                |a_dpfifo_lh11:dpfifo|       ; 46 (1)              ; 40 (0)                    ; 73728       ; 0          ; 0            ; 0       ; 0         ; 0    ; 0            ; 0          ; |lab6task4|processor:echo|fifo:delay|scfifo:scfifo_component|scfifo_eb11:auto_generated|a_dpfifo_lh11:dpfifo                                              ; a_dpfifo_lh11   ; work         ;
;                   |a_fefifo_4be:fifo_state| ; 19 (6)              ; 14 (1)                    ; 0           ; 0          ; 0            ; 0       ; 0         ; 0    ; 0            ; 0          ; |lab6task4|processor:echo|fifo:delay|scfifo:scfifo_component|scfifo_eb11:auto_generated|a_dpfifo_lh11:dpfifo|a_fefifo_4be:fifo_state                      ; a_fefifo_4be    ; work         ;
;                      |cntr_h47:count_usedw| ; 13 (13)             ; 13 (13)                   ; 0           ; 0          ; 0            ; 0       ; 0         ; 0    ; 0            ; 0          ; |lab6task4|processor:echo|fifo:delay|scfifo:scfifo_component|scfifo_eb11:auto_generated|a_dpfifo_lh11:dpfifo|a_fefifo_4be:fifo_state|cntr_h47:count_usedw ; cntr_h47        ; work         ;
;                   |altsyncram_a8m1:FIFOram| ; 0 (0)               ; 0 (0)                     ; 73728       ; 0          ; 0            ; 0       ; 0         ; 0    ; 0            ; 0          ; |lab6task4|processor:echo|fifo:delay|scfifo:scfifo_component|scfifo_eb11:auto_generated|a_dpfifo_lh11:dpfifo|altsyncram_a8m1:FIFOram                      ; altsyncram_a8m1 ; work         ;
;                   |cntr_54b:rd_ptr_count|   ; 13 (13)             ; 13 (13)                   ; 0           ; 0          ; 0            ; 0       ; 0         ; 0    ; 0            ; 0          ; |lab6task4|processor:echo|fifo:delay|scfifo:scfifo_component|scfifo_eb11:auto_generated|a_dpfifo_lh11:dpfifo|cntr_54b:rd_ptr_count                        ; cntr_54b        ; work         ;
;                   |cntr_54b:wr_ptr|         ; 13 (13)             ; 13 (13)                   ; 0           ; 0          ; 0            ; 0       ; 0         ; 0    ; 0            ; 0          ; |lab6task4|processor:echo|fifo:delay|scfifo:scfifo_component|scfifo_eb11:auto_generated|a_dpfifo_lh11:dpfifo|cntr_54b:wr_ptr                              ; cntr_54b        ; work         ;
;       |pulse_gen:PULSE|                     ; 2 (2)               ; 2 (2)                     ; 0           ; 0          ; 0            ; 0       ; 0         ; 0    ; 0            ; 0          ; |lab6task4|processor:echo|pulse_gen:PULSE                                                                                                                 ; pulse_gen       ; work         ;
;    |spi2adc:SPI_ADC_INTERFACE|              ; 32 (32)             ; 41 (41)                   ; 0           ; 0          ; 0            ; 0       ; 0         ; 0    ; 0            ; 0          ; |lab6task4|spi2adc:SPI_ADC_INTERFACE                                                                                                                      ; spi2adc         ; work         ;
;    |spi2dac:SPI_DAC_INTERFACE|              ; 35 (35)             ; 23 (23)                   ; 0           ; 0          ; 0            ; 0       ; 0         ; 0    ; 0            ; 0          ; |lab6task4|spi2dac:SPI_DAC_INTERFACE                                                                                                                      ; spi2dac         ; work         ;
+---------------------------------------------+---------------------+---------------------------+-------------+------------+--------------+---------+-----------+------+--------------+------------+-----------------------------------------------------------------------------------------------------------------------------------------------------------+-----------------+--------------+
Note: For table entries with two numbers listed, the numbers in parentheses indicate the number of resources of the given type used by the specific entity alone. The numbers listed outside of parentheses indicate the total resources of the given type used by the specific entity and all of its sub-entities in the hierarchy.


+-------------------------------------------------------------------------------------------------------------------------------------------------------------------------------------------------------------------------------------------+
; Analysis & Synthesis RAM Summary                                                                                                                                                                                                          ;
+--------------------------------------------------------------------------------------------------------------------------------------+------+------------------+--------------+--------------+--------------+--------------+-------+------+
; Name                                                                                                                                 ; Type ; Mode             ; Port A Depth ; Port A Width ; Port B Depth ; Port B Width ; Size  ; MIF  ;
+--------------------------------------------------------------------------------------------------------------------------------------+------+------------------+--------------+--------------+--------------+--------------+-------+------+
; processor:echo|fifo:delay|scfifo:scfifo_component|scfifo_eb11:auto_generated|a_dpfifo_lh11:dpfifo|altsyncram_a8m1:FIFOram|ALTSYNCRAM ; AUTO ; Simple Dual Port ; 8192         ; 10           ; 8192         ; 10           ; 81920 ; None ;
+--------------------------------------------------------------------------------------------------------------------------------------+------+------------------+--------------+--------------+--------------+--------------+-------+------+


+------------------------------------------------------------------------------------------------------------------------+
; Analysis & Synthesis IP Cores Summary                                                                                  ;
+--------+--------------+---------+--------------+--------------+--------------------------------------+-----------------+
; Vendor ; IP Core Name ; Version ; Release Date ; License Type ; Entity Instance                      ; IP Include File ;
+--------+--------------+---------+--------------+--------------+--------------------------------------+-----------------+
; Altera ; FIFO         ; 18.1    ; N/A          ; N/A          ; |lab6task4|processor:echo|fifo:delay ; fifo.v          ;
+--------+--------------+---------+--------------+--------------+--------------------------------------+-----------------+


Encoding Type:  One-Hot
+-----------------------------------------------------------------+
; State Machine - |lab6task4|processor:echo|pulse_gen:PULSE|state ;
+----------------+------------+----------------+------------------+
; Name           ; state.IDLE ; state.WAIT_LOW ; state.IN_HIGH    ;
+----------------+------------+----------------+------------------+
; state.IDLE     ; 0          ; 0              ; 0                ;
; state.IN_HIGH  ; 1          ; 0              ; 1                ;
; state.WAIT_LOW ; 1          ; 1              ; 0                ;
+----------------+------------+----------------+------------------+


Encoding Type:  One-Hot
+------------------------------------------------------------------------------------------+
; State Machine - |lab6task4|spi2adc:SPI_ADC_INTERFACE|sr_state                            ;
+------------------------+---------------+------------------------+------------------------+
; Name                   ; sr_state.IDLE ; sr_state.WAIT_CSB_HIGH ; sr_state.WAIT_CSB_FALL ;
+------------------------+---------------+------------------------+------------------------+
; sr_state.IDLE          ; 0             ; 0                      ; 0                      ;
; sr_state.WAIT_CSB_FALL ; 1             ; 0                      ; 1                      ;
; sr_state.WAIT_CSB_HIGH ; 1             ; 1                      ; 0                      ;
+------------------------+---------------+------------------------+------------------------+


Encoding Type:  One-Hot
+------------------------------------------------------------------------------------------+
; State Machine - |lab6task4|spi2dac:SPI_DAC_INTERFACE|sr_state                            ;
+------------------------+---------------+------------------------+------------------------+
; Name                   ; sr_state.IDLE ; sr_state.WAIT_CSB_HIGH ; sr_state.WAIT_CSB_FALL ;
+------------------------+---------------+------------------------+------------------------+
; sr_state.IDLE          ; 0             ; 0                      ; 0                      ;
; sr_state.WAIT_CSB_FALL ; 1             ; 0                      ; 1                      ;
; sr_state.WAIT_CSB_HIGH ; 1             ; 1                      ; 0                      ;
+------------------------+---------------+------------------------+------------------------+


+--------------------------------------------------------------------------------------------------------------------------------------------------------------------------------------+
; Registers Removed During Synthesis                                                                                                                                                   ;
+---------------------------------------------------------------------------------------------------------------------------------------+----------------------------------------------+
; Register name                                                                                                                         ; Reason for Removal                           ;
+---------------------------------------------------------------------------------------------------------------------------------------+----------------------------------------------+
; spi2dac:SPI_DAC_INTERFACE|shift_reg[0,1]                                                                                              ; Stuck at GND due to stuck port data_in       ;
; spi2dac:SPI_DAC_INTERFACE|ctr[4]                                                                                                      ; Merged with spi2adc:SPI_ADC_INTERFACE|ctr[4] ;
; spi2dac:SPI_DAC_INTERFACE|ctr[3]                                                                                                      ; Merged with spi2adc:SPI_ADC_INTERFACE|ctr[3] ;
; spi2dac:SPI_DAC_INTERFACE|ctr[2]                                                                                                      ; Merged with spi2adc:SPI_ADC_INTERFACE|ctr[2] ;
; spi2dac:SPI_DAC_INTERFACE|ctr[1]                                                                                                      ; Merged with spi2adc:SPI_ADC_INTERFACE|ctr[1] ;
; spi2dac:SPI_DAC_INTERFACE|ctr[0]                                                                                                      ; Merged with spi2adc:SPI_ADC_INTERFACE|ctr[0] ;
; processor:echo|pulse_gen:PULSE|state.IN_HIGH                                                                                          ; Lost fanout                                  ;
; processor:echo|pulse_gen:PULSE|state.WAIT_LOW                                                                                         ; Lost fanout                                  ;
; processor:echo|fifo:delay|scfifo:scfifo_component|scfifo_eb11:auto_generated|a_dpfifo_lh11:dpfifo|a_fefifo_4be:fifo_state|b_non_empty ; Stuck at VCC due to stuck port data_in       ;
; Total Number of Removed Registers = 10                                                                                                ;                                              ;
+---------------------------------------------------------------------------------------------------------------------------------------+----------------------------------------------+


+-------------------------------------------------------------------------------------------------------------+
; Removed Registers Triggering Further Register Optimizations                                                 ;
+----------------------------------------+---------------------------+----------------------------------------+
; Register name                          ; Reason for Removal        ; Registers Removed due to This Register ;
+----------------------------------------+---------------------------+----------------------------------------+
; spi2dac:SPI_DAC_INTERFACE|shift_reg[0] ; Stuck at GND              ; spi2dac:SPI_DAC_INTERFACE|shift_reg[1] ;
;                                        ; due to stuck port data_in ;                                        ;
+----------------------------------------+---------------------------+----------------------------------------+


+------------------------------------------------------+
; General Register Statistics                          ;
+----------------------------------------------+-------+
; Statistic                                    ; Value ;
+----------------------------------------------+-------+
; Total registers                              ; 135   ;
; Number of registers using Synchronous Clear  ; 0     ;
; Number of registers using Synchronous Load   ; 0     ;
; Number of registers using Asynchronous Clear ; 0     ;
; Number of registers using Asynchronous Load  ; 0     ;
; Number of registers using Clock Enable       ; 81    ;
; Number of registers using Preset             ; 0     ;
+----------------------------------------------+-------+


+--------------------------------------------------+
; Inverted Register Statistics                     ;
+----------------------------------------+---------+
; Inverted Register                      ; Fan out ;
+----------------------------------------+---------+
; spi2adc:SPI_ADC_INTERFACE|adc_cs       ; 9       ;
; Total number of inverted registers = 1 ;         ;
+----------------------------------------+---------+


+--------------------------------------------------------------------------------------------------------------------------------------------------------------+
; Multiplexer Restructuring Statistics (Restructuring Performed)                                                                                               ;
+--------------------+-----------+---------------+----------------------+------------------------+------------+------------------------------------------------+
; Multiplexer Inputs ; Bus Width ; Baseline Area ; Area if Restructured ; Saving if Restructured ; Registered ; Example Multiplexer Output                     ;
+--------------------+-----------+---------------+----------------------+------------------------+------------+------------------------------------------------+
; 6:1                ; 3 bits    ; 12 LEs        ; 6 LEs                ; 6 LEs                  ; No         ; |lab6task4|spi2dac:SPI_DAC_INTERFACE|Selector2 ;
+--------------------+-----------+---------------+----------------------+------------------------+------------+------------------------------------------------+


+--------------------------------------------------------------------------------------------------------------------------------------------------+
; Source assignments for processor:echo|fifo:delay|scfifo:scfifo_component|scfifo_eb11:auto_generated|a_dpfifo_lh11:dpfifo|altsyncram_a8m1:FIFOram ;
+---------------------------------+--------------------+------+------------------------------------------------------------------------------------+
; Assignment                      ; Value              ; From ; To                                                                                 ;
+---------------------------------+--------------------+------+------------------------------------------------------------------------------------+
; OPTIMIZE_POWER_DURING_SYNTHESIS ; NORMAL_COMPILATION ; -    ; -                                                                                  ;
+---------------------------------+--------------------+------+------------------------------------------------------------------------------------+


+--------------------------------------------------------------+
; Parameter Settings for User Entity Instance: clktick:GEN_10K ;
+----------------+-------+-------------------------------------+
; Parameter Name ; Value ; Type                                ;
+----------------+-------+-------------------------------------+
; N_BIT          ; 16    ; Signed Integer                      ;
+----------------+-------+-------------------------------------+
Note: In order to hide this table in the UI and the text report file, please set the "Show Parameter Settings in Synthesis Report" option in "Analysis and Synthesis Settings -> More Settings" to "Off".


+------------------------------------------------------------------------+
; Parameter Settings for User Entity Instance: spi2dac:SPI_DAC_INTERFACE ;
+----------------+-------+-----------------------------------------------+
; Parameter Name ; Value ; Type                                          ;
+----------------+-------+-----------------------------------------------+
; BUF            ; 1     ; Unsigned Binary                               ;
; GA_N           ; 1     ; Unsigned Binary                               ;
; SHDN_N         ; 1     ; Unsigned Binary                               ;
; TC             ; 11000 ; Unsigned Binary                               ;
; IDLE           ; 00    ; Unsigned Binary                               ;
; WAIT_CSB_FALL  ; 01    ; Unsigned Binary                               ;
; WAIT_CSB_HIGH  ; 10    ; Unsigned Binary                               ;
+----------------+-------+-----------------------------------------------+
Note: In order to hide this table in the UI and the text report file, please set the "Show Parameter Settings in Synthesis Report" option in "Analysis and Synthesis Settings -> More Settings" to "Off".


+------------------------------------------------------------------------+
; Parameter Settings for User Entity Instance: spi2adc:SPI_ADC_INTERFACE ;
+----------------+-------+-----------------------------------------------+
; Parameter Name ; Value ; Type                                          ;
+----------------+-------+-----------------------------------------------+
; TERMINAL_CNT   ; 11000 ; Unsigned Binary                               ;
; IDLE           ; 00    ; Unsigned Binary                               ;
; WAIT_CSB_FALL  ; 01    ; Unsigned Binary                               ;
; WAIT_CSB_HIGH  ; 10    ; Unsigned Binary                               ;
+----------------+-------+-----------------------------------------------+
Note: In order to hide this table in the UI and the text report file, please set the "Show Parameter Settings in Synthesis Report" option in "Analysis and Synthesis Settings -> More Settings" to "Off".


+-------------------------------------------------------------+
; Parameter Settings for User Entity Instance: processor:echo ;
+----------------+------------+-------------------------------+
; Parameter Name ; Value      ; Type                          ;
+----------------+------------+-------------------------------+
; ADC_OFFSET     ; 1000000000 ; Unsigned Binary               ;
; DAC_OFFSET     ; 1000000000 ; Unsigned Binary               ;
; first          ; 0          ; Unsigned Binary               ;
; next           ; 1          ; Unsigned Binary               ;
+----------------+------------+-------------------------------+
Note: In order to hide this table in the UI and the text report file, please set the "Show Parameter Settings in Synthesis Report" option in "Analysis and Synthesis Settings -> More Settings" to "Off".


+-----------------------------------------------------------------------------+
; Parameter Settings for User Entity Instance: processor:echo|pulse_gen:PULSE ;
+----------------+-------+----------------------------------------------------+
; Parameter Name ; Value ; Type                                               ;
+----------------+-------+----------------------------------------------------+
; IDLE           ; 00    ; Unsigned Binary                                    ;
; IN_HIGH        ; 01    ; Unsigned Binary                                    ;
; WAIT_LOW       ; 10    ; Unsigned Binary                                    ;
+----------------+-------+----------------------------------------------------+
Note: In order to hide this table in the UI and the text report file, please set the "Show Parameter Settings in Synthesis Report" option in "Analysis and Synthesis Settings -> More Settings" to "Off".


+------------------------------------------------------------------------------------------------+
; Parameter Settings for User Entity Instance: processor:echo|fifo:delay|scfifo:scfifo_component ;
+-------------------------+-------------+--------------------------------------------------------+
; Parameter Name          ; Value       ; Type                                                   ;
+-------------------------+-------------+--------------------------------------------------------+
; AUTO_CARRY_CHAINS       ; ON          ; AUTO_CARRY                                             ;
; IGNORE_CARRY_BUFFERS    ; OFF         ; IGNORE_CARRY                                           ;
; AUTO_CASCADE_CHAINS     ; ON          ; AUTO_CASCADE                                           ;
; IGNORE_CASCADE_BUFFERS  ; OFF         ; IGNORE_CASCADE                                         ;
; lpm_width               ; 10          ; Signed Integer                                         ;
; LPM_NUMWORDS            ; 8192        ; Signed Integer                                         ;
; LPM_WIDTHU              ; 13          ; Signed Integer                                         ;
; LPM_SHOWAHEAD           ; OFF         ; Untyped                                                ;
; UNDERFLOW_CHECKING      ; ON          ; Untyped                                                ;
; OVERFLOW_CHECKING       ; ON          ; Untyped                                                ;
; ALLOW_RWCYCLE_WHEN_FULL ; OFF         ; Untyped                                                ;
; ADD_RAM_OUTPUT_REGISTER ; OFF         ; Untyped                                                ;
; ALMOST_FULL_VALUE       ; 0           ; Untyped                                                ;
; ALMOST_EMPTY_VALUE      ; 0           ; Untyped                                                ;
; ENABLE_ECC              ; FALSE       ; Untyped                                                ;
; USE_EAB                 ; ON          ; Untyped                                                ;
; MAXIMIZE_SPEED          ; 5           ; Untyped                                                ;
; DEVICE_FAMILY           ; MAX 10      ; Untyped                                                ;
; OPTIMIZE_FOR_SPEED      ; 5           ; Untyped                                                ;
; CBXI_PARAMETER          ; scfifo_eb11 ; Untyped                                                ;
+-------------------------+-------------+--------------------------------------------------------+
Note: In order to hide this table in the UI and the text report file, please set the "Show Parameter Settings in Synthesis Report" option in "Analysis and Synthesis Settings -> More Settings" to "Off".


+--------------------------------------------------------------------------------+
; scfifo Parameter Settings by Entity Instance                                   ;
+----------------------------+---------------------------------------------------+
; Name                       ; Value                                             ;
+----------------------------+---------------------------------------------------+
; Number of entity instances ; 1                                                 ;
; Entity Instance            ; processor:echo|fifo:delay|scfifo:scfifo_component ;
;     -- FIFO Type           ; Single Clock                                      ;
;     -- lpm_width           ; 10                                                ;
;     -- LPM_NUMWORDS        ; 8192                                              ;
;     -- LPM_SHOWAHEAD       ; OFF                                               ;
;     -- USE_EAB             ; ON                                                ;
+----------------------------+---------------------------------------------------+


+----------------------------------------------------------------------------------------------------------------+
; Port Connectivity Checks: "processor:echo|fifo:delay"                                                          ;
+------+--------+----------+-------------------------------------------------------------------------------------+
; Port ; Type   ; Severity ; Details                                                                             ;
+------+--------+----------+-------------------------------------------------------------------------------------+
; q[0] ; Output ; Info     ; Connected to dangling logic. Logic that only feeds a dangling port will be removed. ;
+------+--------+----------+-------------------------------------------------------------------------------------+


+---------------------------------------------+
; Port Connectivity Checks: "clktick:GEN_10K" ;
+-----------+-------+----------+--------------+
; Port      ; Type  ; Severity ; Details      ;
+-----------+-------+----------+--------------+
; N[9..5]   ; Input ; Info     ; Stuck at VCC ;
; N[2..0]   ; Input ; Info     ; Stuck at VCC ;
; N[15..10] ; Input ; Info     ; Stuck at GND ;
; N[4..3]   ; Input ; Info     ; Stuck at GND ;
; enable    ; Input ; Info     ; Stuck at VCC ;
+-----------+-------+----------+--------------+


+-----------------------------------------------------+
; Post-Synthesis Netlist Statistics for Top Partition ;
+-----------------------+-----------------------------+
; Type                  ; Count                       ;
+-----------------------+-----------------------------+
; boundary_port         ; 36                          ;
; cycloneiii_ff         ; 135                         ;
;     ENA               ; 81                          ;
;     plain             ; 54                          ;
; cycloneiii_lcell_comb ; 161                         ;
;     arith             ; 71                          ;
;         2 data inputs ; 49                          ;
;         3 data inputs ; 22                          ;
;     normal            ; 90                          ;
;         0 data inputs ; 1                           ;
;         1 data inputs ; 15                          ;
;         2 data inputs ; 17                          ;
;         3 data inputs ; 17                          ;
;         4 data inputs ; 40                          ;
; cycloneiii_ram_block  ; 9                           ;
;                       ;                             ;
; Max LUT depth         ; 3.50                        ;
; Average LUT depth     ; 2.06                        ;
+-----------------------+-----------------------------+


+-------------------------------+
; Elapsed Time Per Partition    ;
+----------------+--------------+
; Partition Name ; Elapsed Time ;
+----------------+--------------+
; Top            ; 00:00:00     ;
+----------------+--------------+


+-------------------------------+
; Analysis & Synthesis Messages ;
+-------------------------------+
Info: *******************************************************************
Info: Running Quartus Prime Analysis & Synthesis
    Info: Version 18.1.0 Build 625 09/12/2018 SJ Standard Edition
    Info: Processing started: Tue Dec 01 22:41:37 2020
Info: Command: quartus_map --read_settings_files=on --write_settings_files=off lab6task4 -c lab6task4
Warning (18236): Number of processors has not been specified which may cause overloading on shared machines.  Set the global assignment NUM_PARALLEL_PROCESSORS in your QSF to an appropriate value for best performance.
Info (20030): Parallel compilation is enabled and will use 6 of the 6 processors detected
Info (12021): Found 1 design units, including 1 entities, in source file /e2_circuit_system/mylib/clktick.v
    Info (12023): Found entity 1: clktick File: C:/E2_circuit_system/mylib/clktick.v Line: 1
Info (12021): Found 1 design units, including 1 entities, in source file /e2_circuit_system/mylib/pulse_gen.v/pulse_gen.v
    Info (12023): Found entity 1: pulse_gen File: C:/E2_circuit_system/mylib/pulse_gen.v/pulse_gen.v Line: 9
Info (12021): Found 1 design units, including 1 entities, in source file /e2_circuit_system/mylib/spi2adc.v/spi2adc.v
    Info (12023): Found entity 1: spi2adc File: C:/E2_circuit_system/mylib/spi2adc.v/spi2adc.v Line: 9
Info (12021): Found 1 design units, including 1 entities, in source file /e2_circuit_system/mylib/spi2dac.v/spi2dac.v
    Info (12023): Found entity 1: spi2dac File: C:/E2_circuit_system/mylib/spi2dac.v/spi2dac.v Line: 9
Info (12021): Found 1 design units, including 1 entities, in source file lab6task4.v
    Info (12023): Found entity 1: lab6task4 File: C:/E2_circuit_system/lab6/task4/lab6task4.v Line: 8
Info (12021): Found 1 design units, including 1 entities, in source file fifo.v
    Info (12023): Found entity 1: fifo File: C:/E2_circuit_system/lab6/task4/fifo.v Line: 39
Info (12021): Found 1 design units, including 1 entities, in source file echo.v
    Info (12023): Found entity 1: processor File: C:/E2_circuit_system/lab6/task4/echo.v Line: 9
Info (12021): Found 1 design units, including 1 entities, in source file multiple_echo.v
    Info (12023): Found entity 1: processor2 File: C:/E2_circuit_system/lab6/task4/multiple_echo.v Line: 9
Info (12127): Elaborating entity "lab6task4" for the top level hierarchy
Warning (10034): Output port "HEX0" at lab6task4.v(23) has no driver File: C:/E2_circuit_system/lab6/task4/lab6task4.v Line: 23
Warning (10034): Output port "HEX1" at lab6task4.v(23) has no driver File: C:/E2_circuit_system/lab6/task4/lab6task4.v Line: 23
Warning (10034): Output port "HEX2" at lab6task4.v(23) has no driver File: C:/E2_circuit_system/lab6/task4/lab6task4.v Line: 23
Warning (10034): Output port "HEX3" at lab6task4.v(24) has no driver File: C:/E2_circuit_system/lab6/task4/lab6task4.v Line: 24
Info (12128): Elaborating entity "clktick" for hierarchy "clktick:GEN_10K" File: C:/E2_circuit_system/lab6/task4/lab6task4.v Line: 32
Info (12128): Elaborating entity "spi2dac" for hierarchy "spi2dac:SPI_DAC_INTERFACE" File: C:/E2_circuit_system/lab6/task4/lab6task4.v Line: 35
Info (12128): Elaborating entity "spi2adc" for hierarchy "spi2adc:SPI_ADC_INTERFACE" File: C:/E2_circuit_system/lab6/task4/lab6task4.v Line: 43
Warning (10230): Verilog HDL assignment warning at spi2adc.v(131): truncated value with size 12 to match size of target (10) File: C:/E2_circuit_system/mylib/spi2adc.v/spi2adc.v Line: 131
Info (12128): Elaborating entity "processor" for hierarchy "processor:echo" File: C:/E2_circuit_system/lab6/task4/lab6task4.v Line: 45
Info (12128): Elaborating entity "pulse_gen" for hierarchy "processor:echo|pulse_gen:PULSE" File: C:/E2_circuit_system/lab6/task4/echo.v Line: 32
Info (12128): Elaborating entity "fifo" for hierarchy "processor:echo|fifo:delay" File: C:/E2_circuit_system/lab6/task4/echo.v Line: 36
Info (12128): Elaborating entity "scfifo" for hierarchy "processor:echo|fifo:delay|scfifo:scfifo_component" File: C:/E2_circuit_system/lab6/task4/fifo.v Line: 72
Info (12130): Elaborated megafunction instantiation "processor:echo|fifo:delay|scfifo:scfifo_component" File: C:/E2_circuit_system/lab6/task4/fifo.v Line: 72
Info (12133): Instantiated megafunction "processor:echo|fifo:delay|scfifo:scfifo_component" with the following parameter: File: C:/E2_circuit_system/lab6/task4/fifo.v Line: 72
    Info (12134): Parameter "add_ram_output_register" = "OFF"
    Info (12134): Parameter "intended_device_family" = "MAX 10"
    Info (12134): Parameter "lpm_numwords" = "8192"
    Info (12134): Parameter "lpm_showahead" = "OFF"
    Info (12134): Parameter "lpm_type" = "scfifo"
    Info (12134): Parameter "lpm_width" = "10"
    Info (12134): Parameter "lpm_widthu" = "13"
    Info (12134): Parameter "overflow_checking" = "ON"
    Info (12134): Parameter "underflow_checking" = "ON"
    Info (12134): Parameter "use_eab" = "ON"
Info (12021): Found 1 design units, including 1 entities, in source file db/scfifo_eb11.tdf
    Info (12023): Found entity 1: scfifo_eb11 File: C:/E2_circuit_system/lab6/task4/db/scfifo_eb11.tdf Line: 24
Info (12128): Elaborating entity "scfifo_eb11" for hierarchy "processor:echo|fifo:delay|scfifo:scfifo_component|scfifo_eb11:auto_generated" File: c:/intelfpga/18.1/quartus/libraries/megafunctions/scfifo.tdf Line: 299
Info (12021): Found 1 design units, including 1 entities, in source file db/a_dpfifo_lh11.tdf
    Info (12023): Found entity 1: a_dpfifo_lh11 File: C:/E2_circuit_system/lab6/task4/db/a_dpfifo_lh11.tdf Line: 28
Info (12128): Elaborating entity "a_dpfifo_lh11" for hierarchy "processor:echo|fifo:delay|scfifo:scfifo_component|scfifo_eb11:auto_generated|a_dpfifo_lh11:dpfifo" File: C:/E2_circuit_system/lab6/task4/db/scfifo_eb11.tdf Line: 34
Info (12021): Found 1 design units, including 1 entities, in source file db/a_fefifo_4be.tdf
    Info (12023): Found entity 1: a_fefifo_4be File: C:/E2_circuit_system/lab6/task4/db/a_fefifo_4be.tdf Line: 24
Info (12128): Elaborating entity "a_fefifo_4be" for hierarchy "processor:echo|fifo:delay|scfifo:scfifo_component|scfifo_eb11:auto_generated|a_dpfifo_lh11:dpfifo|a_fefifo_4be:fifo_state" File: C:/E2_circuit_system/lab6/task4/db/a_dpfifo_lh11.tdf Line: 39
Info (12021): Found 1 design units, including 1 entities, in source file db/cntr_h47.tdf
    Info (12023): Found entity 1: cntr_h47 File: C:/E2_circuit_system/lab6/task4/db/cntr_h47.tdf Line: 25
Info (12128): Elaborating entity "cntr_h47" for hierarchy "processor:echo|fifo:delay|scfifo:scfifo_component|scfifo_eb11:auto_generated|a_dpfifo_lh11:dpfifo|a_fefifo_4be:fifo_state|cntr_h47:count_usedw" File: C:/E2_circuit_system/lab6/task4/db/a_fefifo_4be.tdf Line: 37
Info (12021): Found 1 design units, including 1 entities, in source file db/altsyncram_a8m1.tdf
    Info (12023): Found entity 1: altsyncram_a8m1 File: C:/E2_circuit_system/lab6/task4/db/altsyncram_a8m1.tdf Line: 27
Info (12128): Elaborating entity "altsyncram_a8m1" for hierarchy "processor:echo|fifo:delay|scfifo:scfifo_component|scfifo_eb11:auto_generated|a_dpfifo_lh11:dpfifo|altsyncram_a8m1:FIFOram" File: C:/E2_circuit_system/lab6/task4/db/a_dpfifo_lh11.tdf Line: 40
Info (12021): Found 1 design units, including 1 entities, in source file db/cntr_54b.tdf
    Info (12023): Found entity 1: cntr_54b File: C:/E2_circuit_system/lab6/task4/db/cntr_54b.tdf Line: 25
Info (12128): Elaborating entity "cntr_54b" for hierarchy "processor:echo|fifo:delay|scfifo:scfifo_component|scfifo_eb11:auto_generated|a_dpfifo_lh11:dpfifo|cntr_54b:rd_ptr_count" File: C:/E2_circuit_system/lab6/task4/db/a_dpfifo_lh11.tdf Line: 41
Warning (14284): Synthesized away the following node(s):
    Warning (14285): Synthesized away the following RAM node(s):
        Warning (14320): Synthesized away node "processor:echo|fifo:delay|scfifo:scfifo_component|scfifo_eb11:auto_generated|a_dpfifo_lh11:dpfifo|altsyncram_a8m1:FIFOram|q_b[0]" File: C:/E2_circuit_system/lab6/task4/db/altsyncram_a8m1.tdf Line: 39
Warning (13024): Output pins are stuck at VCC or GND
    Warning (13410): Pin "HEX0[0]" is stuck at GND File: C:/E2_circuit_system/lab6/task4/lab6task4.v Line: 23
    Warning (13410): Pin "HEX0[1]" is stuck at GND File: C:/E2_circuit_system/lab6/task4/lab6task4.v Line: 23
    Warning (13410): Pin "HEX0[2]" is stuck at GND File: C:/E2_circuit_system/lab6/task4/lab6task4.v Line: 23
    Warning (13410): Pin "HEX0[3]" is stuck at GND File: C:/E2_circuit_system/lab6/task4/lab6task4.v Line: 23
    Warning (13410): Pin "HEX0[4]" is stuck at GND File: C:/E2_circuit_system/lab6/task4/lab6task4.v Line: 23
    Warning (13410): Pin "HEX0[5]" is stuck at GND File: C:/E2_circuit_system/lab6/task4/lab6task4.v Line: 23
    Warning (13410): Pin "HEX0[6]" is stuck at GND File: C:/E2_circuit_system/lab6/task4/lab6task4.v Line: 23
    Warning (13410): Pin "HEX1[0]" is stuck at GND File: C:/E2_circuit_system/lab6/task4/lab6task4.v Line: 23
    Warning (13410): Pin "HEX1[1]" is stuck at GND File: C:/E2_circuit_system/lab6/task4/lab6task4.v Line: 23
    Warning (13410): Pin "HEX1[2]" is stuck at GND File: C:/E2_circuit_system/lab6/task4/lab6task4.v Line: 23
    Warning (13410): Pin "HEX1[3]" is stuck at GND File: C:/E2_circuit_system/lab6/task4/lab6task4.v Line: 23
    Warning (13410): Pin "HEX1[4]" is stuck at GND File: C:/E2_circuit_system/lab6/task4/lab6task4.v Line: 23
    Warning (13410): Pin "HEX1[5]" is stuck at GND File: C:/E2_circuit_system/lab6/task4/lab6task4.v Line: 23
    Warning (13410): Pin "HEX1[6]" is stuck at GND File: C:/E2_circuit_system/lab6/task4/lab6task4.v Line: 23
    Warning (13410): Pin "HEX2[0]" is stuck at GND File: C:/E2_circuit_system/lab6/task4/lab6task4.v Line: 23
    Warning (13410): Pin "HEX2[1]" is stuck at GND File: C:/E2_circuit_system/lab6/task4/lab6task4.v Line: 23
    Warning (13410): Pin "HEX2[2]" is stuck at GND File: C:/E2_circuit_system/lab6/task4/lab6task4.v Line: 23
    Warning (13410): Pin "HEX2[3]" is stuck at GND File: C:/E2_circuit_system/lab6/task4/lab6task4.v Line: 23
    Warning (13410): Pin "HEX2[4]" is stuck at GND File: C:/E2_circuit_system/lab6/task4/lab6task4.v Line: 23
    Warning (13410): Pin "HEX2[5]" is stuck at GND File: C:/E2_circuit_system/lab6/task4/lab6task4.v Line: 23
    Warning (13410): Pin "HEX2[6]" is stuck at GND File: C:/E2_circuit_system/lab6/task4/lab6task4.v Line: 23
    Warning (13410): Pin "HEX3[0]" is stuck at GND File: C:/E2_circuit_system/lab6/task4/lab6task4.v Line: 24
    Warning (13410): Pin "HEX3[1]" is stuck at GND File: C:/E2_circuit_system/lab6/task4/lab6task4.v Line: 24
    Warning (13410): Pin "HEX3[2]" is stuck at GND File: C:/E2_circuit_system/lab6/task4/lab6task4.v Line: 24
    Warning (13410): Pin "HEX3[3]" is stuck at GND File: C:/E2_circuit_system/lab6/task4/lab6task4.v Line: 24
    Warning (13410): Pin "HEX3[4]" is stuck at GND File: C:/E2_circuit_system/lab6/task4/lab6task4.v Line: 24
    Warning (13410): Pin "HEX3[5]" is stuck at GND File: C:/E2_circuit_system/lab6/task4/lab6task4.v Line: 24
    Warning (13410): Pin "HEX3[6]" is stuck at GND File: C:/E2_circuit_system/lab6/task4/lab6task4.v Line: 24
    Warning (13410): Pin "HEX3[7]" is stuck at GND File: C:/E2_circuit_system/lab6/task4/lab6task4.v Line: 24
Info (286030): Timing-Driven Synthesis is running
Info (17049): 2 registers lost all their fanouts during netlist optimizations.
Info (16010): Generating hard_block partition "hard_block:auto_generated_inst"
    Info (16011): Adding 0 node(s), including 0 DDIO, 0 PLL, 0 transceiver and 0 LCELL
Info (21057): Implemented 225 device resources after synthesis - the final resource count might be different
    Info (21058): Implemented 2 input pins
    Info (21059): Implemented 34 output pins
    Info (21061): Implemented 180 logic cells
    Info (21064): Implemented 9 RAM segments
Info: Quartus Prime Analysis & Synthesis was successful. 0 errors, 39 warnings
    Info: Peak virtual memory: 4827 megabytes
    Info: Processing ended: Tue Dec 01 22:41:48 2020
    Info: Elapsed time: 00:00:11
    Info: Total CPU time (on all processors): 00:00:22


