------------------------------------------------------------
Timing Analyzer Summary
------------------------------------------------------------

Type  : Slow 1200mV 85C Model Setup 'MAX10_CLK1_50'
Slack : -3.039
TNS   : -86.909

Type  : Slow 1200mV 85C Model Setup 'spi2dac:dac|clk_1MHz'
Slack : -1.910
TNS   : -32.767

Type  : Slow 1200mV 85C Model Hold 'MAX10_CLK1_50'
Slack : 0.348
TNS   : 0.000

Type  : Slow 1200mV 85C Model Hold 'spi2dac:dac|clk_1MHz'
Slack : 0.349
TNS   : 0.000

Type  : Slow 1200mV 85C Model Minimum Pulse Width 'MAX10_CLK1_50'
Slack : -3.000
TNS   : -82.971

Type  : Slow 1200mV 85C Model Minimum Pulse Width 'spi2dac:dac|clk_1MHz'
Slack : -1.403
TNS   : -26.657

Type  : Slow 1200mV 0C Model Setup 'MAX10_CLK1_50'
Slack : -2.727
TNS   : -74.658

Type  : Slow 1200mV 0C Model Setup 'spi2dac:dac|clk_1MHz'
Slack : -1.672
TNS   : -28.534

Type  : Slow 1200mV 0C Model Hold 'MAX10_CLK1_50'
Slack : 0.312
TNS   : 0.000

Type  : Slow 1200mV 0C Model Hold 'spi2dac:dac|clk_1MHz'
Slack : 0.313
TNS   : 0.000

Type  : Slow 1200mV 0C Model Minimum Pulse Width 'MAX10_CLK1_50'
Slack : -3.000
TNS   : -82.971

Type  : Slow 1200mV 0C Model Minimum Pulse Width 'spi2dac:dac|clk_1MHz'
Slack : -1.403
TNS   : -26.657

Type  : Fast 1200mV 0C Model Setup 'MAX10_CLK1_50'
Slack : -0.821
TNS   : -6.525

Type  : Fast 1200mV 0C Model Setup 'spi2dac:dac|clk_1MHz'
Slack : -0.293
TNS   : -3.605

Type  : Fast 1200mV 0C Model Hold 'MAX10_CLK1_50'
Slack : 0.153
TNS   : 0.000

Type  : Fast 1200mV 0C Model Hold 'spi2dac:dac|clk_1MHz'
Slack : 0.153
TNS   : 0.000

Type  : Fast 1200mV 0C Model Minimum Pulse Width 'MAX10_CLK1_50'
Slack : -3.000
TNS   : -69.790

Type  : Fast 1200mV 0C Model Minimum Pulse Width 'spi2dac:dac|clk_1MHz'
Slack : -1.000
TNS   : -19.000

------------------------------------------------------------
