------------------------------------------------------------
Timing Analyzer Summary
------------------------------------------------------------

Type  : Slow 1200mV 85C Model Setup 'MAX10_CLK1_50'
Slack : -3.194
TNS   : -49.365

Type  : Slow 1200mV 85C Model Setup 'spi2dac:dac|clk_1MHz'
Slack : -1.733
TNS   : -30.402

Type  : Slow 1200mV 85C Model Hold 'MAX10_CLK1_50'
Slack : 0.341
TNS   : 0.000

Type  : Slow 1200mV 85C Model Hold 'spi2dac:dac|clk_1MHz'
Slack : 0.341
TNS   : 0.000

Type  : Slow 1200mV 85C Model Minimum Pulse Width 'MAX10_CLK1_50'
Slack : -3.000
TNS   : -53.508

Type  : Slow 1200mV 85C Model Minimum Pulse Width 'spi2dac:dac|clk_1MHz'
Slack : -1.403
TNS   : -26.657

Type  : Slow 1200mV 0C Model Setup 'MAX10_CLK1_50'
Slack : -2.889
TNS   : -42.487

Type  : Slow 1200mV 0C Model Setup 'spi2dac:dac|clk_1MHz'
Slack : -1.555
TNS   : -26.793

Type  : Slow 1200mV 0C Model Hold 'MAX10_CLK1_50'
Slack : 0.306
TNS   : 0.000

Type  : Slow 1200mV 0C Model Hold 'spi2dac:dac|clk_1MHz'
Slack : 0.306
TNS   : 0.000

Type  : Slow 1200mV 0C Model Minimum Pulse Width 'MAX10_CLK1_50'
Slack : -3.000
TNS   : -53.508

Type  : Slow 1200mV 0C Model Minimum Pulse Width 'spi2dac:dac|clk_1MHz'
Slack : -1.403
TNS   : -26.657

Type  : Fast 1200mV 0C Model Setup 'MAX10_CLK1_50'
Slack : -0.875
TNS   : -3.032

Type  : Fast 1200mV 0C Model Setup 'spi2dac:dac|clk_1MHz'
Slack : -0.191
TNS   : -2.187

Type  : Fast 1200mV 0C Model Hold 'MAX10_CLK1_50'
Slack : 0.148
TNS   : 0.000

Type  : Fast 1200mV 0C Model Hold 'spi2dac:dac|clk_1MHz'
Slack : 0.149
TNS   : 0.000

Type  : Fast 1200mV 0C Model Minimum Pulse Width 'MAX10_CLK1_50'
Slack : -3.000
TNS   : -45.221

Type  : Fast 1200mV 0C Model Minimum Pulse Width 'spi2dac:dac|clk_1MHz'
Slack : -1.000
TNS   : -19.000

------------------------------------------------------------
